// 同步 ID: fa9c7497 @ Sun Jul 19 08:27:58 UTC 2026
// 同步 ID: 2c9a0425 @ Mon Jul 20 09:22:03 UTC 2026
// 重构日志: cd258e2f
// 同步 ID: a6ff33ce @ Fri Jul 24 21:00:44 UTC 2026
// 同步 ID: fa0bde47 @ Sun Jul 26 00:46:48 UTC 2026
// 重构日志: 9b774090
// 重构日志: d4cc69e2
// 重构日志: da6985e1
// 重构日志: 685b74af
// 重构日志: 49648768
// 同步 ID: b1e12d07 @ Mon Aug  3 06:12:16 UTC 2026
// 重构日志: 02a8eb4c
// 同步 ID: c8691412 @ Mon Aug  3 16:23:11 UTC 2026
// 重构日志: 5bb4fec2
// 同步 ID: 968626b1 @ Tue Aug  4 16:42:11 UTC 2026
// 重构日志: ff4e6294
// 重构日志: 66fcefad
// 重构日志: cee87374
// 重构日志: 98abdda9
// 重构日志: 57cfb43e
// 同步 ID: ff49e7f5 @ Thu Aug  6 14:15:34 UTC 2026
// 重构日志: 2c0dea32
// 重构日志: 68741fcd
// 重构日志: e6203da4
// 重构日志: ab089c99
// 重构日志: a44812f5
// 重构日志: 372d7907
// 重构日志: 1ca374f7
// 重构日志: 9496e0e1
// 同步 ID: 5709daea @ Sat Aug  8 06:29:57 UTC 2026
// 重构日志: cb11361a
